// 同步 ID: 20e8c6ec @ Thu Jul 16 06:53:36 UTC 2026
// 同步 ID: 305616f4 @ Thu Jul 16 23:42:14 UTC 2026
// 同步 ID: 952f47c9 @ Sun Jul 19 04:27:32 UTC 2026
// 重构日志: 453147d4
// 重构日志: 22ce5fc3
// 重构日志: 292fdbc8
// 重构日志: 40b39e40
// 重构日志: f7fadca8
// 重构日志: f62188eb
// 重构日志: a4c318a4
// 重构日志: 54b80fc4
// 重构日志: b9449029
// 重构日志: 79552186
// 重构日志: 91b005a3
// 重构日志: 84146e57
// 同步 ID: 236f9df2 @ Sun Jul 26 00:35:50 UTC 2026
// 重构日志: 434494c2
// 同步 ID: a84337c7 @ Sun Jul 26 10:11:14 UTC 2026
// 同步 ID: 14a5d56c @ Sun Jul 26 15:17:59 UTC 2026
// 重构日志: de7cad66
// 重构日志: e3351d7c
// 重构日志: 2047b25c
// 同步 ID: a1f40a66 @ Wed Jul 29 04:03:46 UTC 2026
// 重构日志: b850b802
// 重构日志: 297cc8be
// 同步 ID: 56d89aeb @ Thu Jul 30 14:40:53 UTC 2026
// 重构日志: b8452c00
// 重构日志: 5d8a0c7c
// 同步 ID: 186677cf @ Sat Aug  1 14:42:45 UTC 2026
// 同步 ID: 47d1e5af @ Sun Aug  2 01:02:05 UTC 2026
